// Jest Snapshot v1, https://goo.gl/fbAQLP

exports[`Query component calls the children prop: result in render prop 1`] = `
Object {
  "data": Object {
    "allPeople": Object {
      "people": Array [
        Object {
          "name": "Luke Skywalker",
        },
      ],
    },
  },
  "loading": false,
  "networkStatus": 7,
  "variables": Object {},
}
`;

exports[`Query component calls the children prop: result in render prop while loading 1`] = `
Object {
  "data": Object {},
  "loading": true,
  "networkStatus": 1,
  "variables": Object {},
}
`;
